// Jest Snapshot v1, https://goo.gl/fbAQLP

exports[`ImageUploadScreen Tests matches the snapshot - after clicking Back 1`] = `
<View
  style={
    {
      "backgroundColor": "#F8E9F0",
      "flex": 1,
      "paddingHorizontal": 20,
      "paddingTop": 70,
      "paddingVertical": 20,
    }
  }
>
  <Text
    style={
      {
        "color": "#000",
        "fontSize": 24,
        "fontWeight": "bold",
        "marginBottom": 10,
      }
    }
  >
    Images
  </Text>
  <Text
    style={
      {
        "color": "#6A6A6A",
        "fontSize": 14,
        "marginBottom": 20,
      }
    }
  >
    Upload images
    

    You can upload up to 30 images
  </Text>
  <View
    style={
      {
        "alignItems": "center",
        "backgroundColor": "#FFFFFF",
        "borderColor": "#D3A4D4",
        "borderRadius": 10,
        "borderWidth": 1,
        "justifyContent": "center",
        "marginVertical": 30,
        "padding": 20,
      }
    }
  >
    <View
      style={
        {
          "marginBottom": 10,
        }
      }
    >
      <Text
        style={
          {
            "color": "#C4C4C4",
            "fontSize": 40,
          }
        }
      >
        ðŸ“·
      </Text>
    </View>
    <Text
      style={
        {
          "color": "#6A6A6A",
          "fontSize": 14,
          "marginBottom": 20,
          "textAlign": "center",
        }
      }
    >
      Drag and drop a file here
      

      to create album
    </Text>
    <View
      accessibilityState={
        {
          "busy": undefined,
          "checked": undefined,
          "disabled": undefined,
          "expanded": undefined,
          "selected": undefined,
        }
      }
      accessibilityValue={
        {
          "max": undefined,
          "min": undefined,
          "now": undefined,
          "text": undefined,
        }
      }
      accessible={true}
      collapsable={false}
      focusable={true}
      onClick={[Function]}
      onResponderGrant={[Function]}
      onResponderMove={[Function]}
      onResponderRelease={[Function]}
      onResponderTerminate={[Function]}
      onResponderTerminationRequest={[Function]}
      onStartShouldSetResponder={[Function]}
      style={
        {
          "backgroundColor": "#780C60",
          "borderRadius": 20,
          "opacity": 1,
          "paddingHorizontal": 30,
          "paddingVertical": 10,
        }
      }
    >
      <Text
        style={
          {
            "color": "#FFFFFF",
            "fontSize": 14,
            "fontWeight": "bold",
          }
        }
      >
        Choose File
      </Text>
    </View>
  </View>
  <View
    style={
      {
        "flexDirection": "row",
        "justifyContent": "space-between",
      }
    }
  >
    <View
      accessibilityState={
        {
          "busy": undefined,
          "checked": undefined,
          "disabled": undefined,
          "expanded": undefined,
          "selected": undefined,
        }
      }
      accessibilityValue={
        {
          "max": undefined,
          "min": undefined,
          "now": undefined,
          "text": undefined,
        }
      }
      accessible={true}
      collapsable={false}
      focusable={true}
      onClick={[Function]}
      onResponderGrant={[Function]}
      onResponderMove={[Function]}
      onResponderRelease={[Function]}
      onResponderTerminate={[Function]}
      onResponderTerminationRequest={[Function]}
      onStartShouldSetResponder={[Function]}
      style={
        {
          "alignItems": "center",
          "backgroundColor": "#FFFFFF",
          "borderColor": "#780C60",
          "borderRadius": 10,
          "borderWidth": 1,
          "flex": 1,
          "marginRight": 10,
          "opacity": 1,
          "paddingVertical": 15,
        }
      }
    >
      <Text
        style={
          {
            "color": "#780C60",
            "fontSize": 16,
            "fontWeight": "bold",
          }
        }
      >
        Back
      </Text>
    </View>
    <View
      accessibilityState={
        {
          "busy": undefined,
          "checked": undefined,
          "disabled": undefined,
          "expanded": undefined,
          "selected": undefined,
        }
      }
      accessibilityValue={
        {
          "max": undefined,
          "min": undefined,
          "now": undefined,
          "text": undefined,
        }
      }
      accessible={true}
      collapsable={false}
      focusable={true}
      onClick={[Function]}
      onResponderGrant={[Function]}
      onResponderMove={[Function]}
      onResponderRelease={[Function]}
      onResponderTerminate={[Function]}
      onResponderTerminationRequest={[Function]}
      onStartShouldSetResponder={[Function]}
      style={
        {
          "alignItems": "center",
          "backgroundColor": "#780C60",
          "borderRadius": 10,
          "flex": 1,
          "marginLeft": 10,
          "opacity": 1,
          "padding": 15,
        }
      }
    >
      <Text
        style={
          {
            "color": "#FFFFFF",
            "fontWeight": "bold",
          }
        }
      >
        Save & Continue
      </Text>
    </View>
  </View>
</View>
`;

exports[`ImageUploadScreen Tests matches the snapshot - after clicking Choose File 1`] = `
<View
  style={
    {
      "backgroundColor": "#F8E9F0",
      "flex": 1,
      "paddingHorizontal": 20,
      "paddingTop": 70,
      "paddingVertical": 20,
    }
  }
>
  <Text
    style={
      {
        "color": "#000",
        "fontSize": 24,
        "fontWeight": "bold",
        "marginBottom": 10,
      }
    }
  >
    Images
  </Text>
  <Text
    style={
      {
        "color": "#6A6A6A",
        "fontSize": 14,
        "marginBottom": 20,
      }
    }
  >
    Upload images
    

    You can upload up to 30 images
  </Text>
  <View
    style={
      {
        "alignItems": "center",
        "backgroundColor": "#FFFFFF",
        "borderColor": "#D3A4D4",
        "borderRadius": 10,
        "borderWidth": 1,
        "justifyContent": "center",
        "marginVertical": 30,
        "padding": 20,
      }
    }
  >
    <View
      style={
        {
          "marginBottom": 10,
        }
      }
    >
      <Text
        style={
          {
            "color": "#C4C4C4",
            "fontSize": 40,
          }
        }
      >
        ðŸ“·
      </Text>
    </View>
    <Text
      style={
        {
          "color": "#6A6A6A",
          "fontSize": 14,
          "marginBottom": 20,
          "textAlign": "center",
        }
      }
    >
      Drag and drop a file here
      

      to create album
    </Text>
    <View
      accessibilityState={
        {
          "busy": undefined,
          "checked": undefined,
          "disabled": undefined,
          "expanded": undefined,
          "selected": undefined,
        }
      }
      accessibilityValue={
        {
          "max": undefined,
          "min": undefined,
          "now": undefined,
          "text": undefined,
        }
      }
      accessible={true}
      collapsable={false}
      focusable={true}
      onClick={[Function]}
      onResponderGrant={[Function]}
      onResponderMove={[Function]}
      onResponderRelease={[Function]}
      onResponderTerminate={[Function]}
      onResponderTerminationRequest={[Function]}
      onStartShouldSetResponder={[Function]}
      style={
        {
          "backgroundColor": "#780C60",
          "borderRadius": 20,
          "opacity": 1,
          "paddingHorizontal": 30,
          "paddingVertical": 10,
        }
      }
    >
      <Text
        style={
          {
            "color": "#FFFFFF",
            "fontSize": 14,
            "fontWeight": "bold",
          }
        }
      >
        Choose File
      </Text>
    </View>
  </View>
  <View
    style={
      {
        "flexDirection": "row",
        "justifyContent": "space-between",
      }
    }
  >
    <View
      accessibilityState={
        {
          "busy": undefined,
          "checked": undefined,
          "disabled": undefined,
          "expanded": undefined,
          "selected": undefined,
        }
      }
      accessibilityValue={
        {
          "max": undefined,
          "min": undefined,
          "now": undefined,
          "text": undefined,
        }
      }
      accessible={true}
      collapsable={false}
      focusable={true}
      onClick={[Function]}
      onResponderGrant={[Function]}
      onResponderMove={[Function]}
      onResponderRelease={[Function]}
      onResponderTerminate={[Function]}
      onResponderTerminationRequest={[Function]}
      onStartShouldSetResponder={[Function]}
      style={
        {
          "alignItems": "center",
          "backgroundColor": "#FFFFFF",
          "borderColor": "#780C60",
          "borderRadius": 10,
          "borderWidth": 1,
          "flex": 1,
          "marginRight": 10,
          "opacity": 1,
          "paddingVertical": 15,
        }
      }
    >
      <Text
        style={
          {
            "color": "#780C60",
            "fontSize": 16,
            "fontWeight": "bold",
          }
        }
      >
        Back
      </Text>
    </View>
    <View
      accessibilityState={
        {
          "busy": undefined,
          "checked": undefined,
          "disabled": undefined,
          "expanded": undefined,
          "selected": undefined,
        }
      }
      accessibilityValue={
        {
          "max": undefined,
          "min": undefined,
          "now": undefined,
          "text": undefined,
        }
      }
      accessible={true}
      collapsable={false}
      focusable={true}
      onClick={[Function]}
      onResponderGrant={[Function]}
      onResponderMove={[Function]}
      onResponderRelease={[Function]}
      onResponderTerminate={[Function]}
      onResponderTerminationRequest={[Function]}
      onStartShouldSetResponder={[Function]}
      style={
        {
          "alignItems": "center",
          "backgroundColor": "#780C60",
          "borderRadius": 10,
          "flex": 1,
          "marginLeft": 10,
          "opacity": 1,
          "padding": 15,
        }
      }
    >
      <Text
        style={
          {
            "color": "#FFFFFF",
            "fontWeight": "bold",
          }
        }
      >
        Save & Continue
      </Text>
    </View>
  </View>
</View>
`;

exports[`ImageUploadScreen Tests matches the snapshot - after clicking Save & Continue 1`] = `
<View
  style={
    {
      "backgroundColor": "#F8E9F0",
      "flex": 1,
      "paddingHorizontal": 20,
      "paddingTop": 70,
      "paddingVertical": 20,
    }
  }
>
  <Text
    style={
      {
        "color": "#000",
        "fontSize": 24,
        "fontWeight": "bold",
        "marginBottom": 10,
      }
    }
  >
    Images
  </Text>
  <Text
    style={
      {
        "color": "#6A6A6A",
        "fontSize": 14,
        "marginBottom": 20,
      }
    }
  >
    Upload images
    

    You can upload up to 30 images
  </Text>
  <View
    style={
      {
        "alignItems": "center",
        "backgroundColor": "#FFFFFF",
        "borderColor": "#D3A4D4",
        "borderRadius": 10,
        "borderWidth": 1,
        "justifyContent": "center",
        "marginVertical": 30,
        "padding": 20,
      }
    }
  >
    <View
      style={
        {
          "marginBottom": 10,
        }
      }
    >
      <Text
        style={
          {
            "color": "#C4C4C4",
            "fontSize": 40,
          }
        }
      >
        ðŸ“·
      </Text>
    </View>
    <Text
      style={
        {
          "color": "#6A6A6A",
          "fontSize": 14,
          "marginBottom": 20,
          "textAlign": "center",
        }
      }
    >
      Drag and drop a file here
      

      to create album
    </Text>
    <View
      accessibilityState={
        {
          "busy": undefined,
          "checked": undefined,
          "disabled": undefined,
          "expanded": undefined,
          "selected": undefined,
        }
      }
      accessibilityValue={
        {
          "max": undefined,
          "min": undefined,
          "now": undefined,
          "text": undefined,
        }
      }
      accessible={true}
      collapsable={false}
      focusable={true}
      onClick={[Function]}
      onResponderGrant={[Function]}
      onResponderMove={[Function]}
      onResponderRelease={[Function]}
      onResponderTerminate={[Function]}
      onResponderTerminationRequest={[Function]}
      onStartShouldSetResponder={[Function]}
      style={
        {
          "backgroundColor": "#780C60",
          "borderRadius": 20,
          "opacity": 1,
          "paddingHorizontal": 30,
          "paddingVertical": 10,
        }
      }
    >
      <Text
        style={
          {
            "color": "#FFFFFF",
            "fontSize": 14,
            "fontWeight": "bold",
          }
        }
      >
        Choose File
      </Text>
    </View>
  </View>
  <View
    style={
      {
        "flexDirection": "row",
        "justifyContent": "space-between",
      }
    }
  >
    <View
      accessibilityState={
        {
          "busy": undefined,
          "checked": undefined,
          "disabled": undefined,
          "expanded": undefined,
          "selected": undefined,
        }
      }
      accessibilityValue={
        {
          "max": undefined,
          "min": undefined,
          "now": undefined,
          "text": undefined,
        }
      }
      accessible={true}
      collapsable={false}
      focusable={true}
      onClick={[Function]}
      onResponderGrant={[Function]}
      onResponderMove={[Function]}
      onResponderRelease={[Function]}
      onResponderTerminate={[Function]}
      onResponderTerminationRequest={[Function]}
      onStartShouldSetResponder={[Function]}
      style={
        {
          "alignItems": "center",
          "backgroundColor": "#FFFFFF",
          "borderColor": "#780C60",
          "borderRadius": 10,
          "borderWidth": 1,
          "flex": 1,
          "marginRight": 10,
          "opacity": 1,
          "paddingVertical": 15,
        }
      }
    >
      <Text
        style={
          {
            "color": "#780C60",
            "fontSize": 16,
            "fontWeight": "bold",
          }
        }
      >
        Back
      </Text>
    </View>
    <View
      accessibilityState={
        {
          "busy": undefined,
          "checked": undefined,
          "disabled": undefined,
          "expanded": undefined,
          "selected": undefined,
        }
      }
      accessibilityValue={
        {
          "max": undefined,
          "min": undefined,
          "now": undefined,
          "text": undefined,
        }
      }
      accessible={true}
      collapsable={false}
      focusable={true}
      onClick={[Function]}
      onResponderGrant={[Function]}
      onResponderMove={[Function]}
      onResponderRelease={[Function]}
      onResponderTerminate={[Function]}
      onResponderTerminationRequest={[Function]}
      onStartShouldSetResponder={[Function]}
      style={
        {
          "alignItems": "center",
          "backgroundColor": "#780C60",
          "borderRadius": 10,
          "flex": 1,
          "marginLeft": 10,
          "opacity": 1,
          "padding": 15,
        }
      }
    >
      <Text
        style={
          {
            "color": "#FFFFFF",
            "fontWeight": "bold",
          }
        }
      >
        Save & Continue
      </Text>
    </View>
  </View>
</View>
`;

exports[`ImageUploadScreen Tests matches the snapshot - upload area visible 1`] = `
<View
  style={
    {
      "backgroundColor": "#F8E9F0",
      "flex": 1,
      "paddingHorizontal": 20,
      "paddingTop": 70,
      "paddingVertical": 20,
    }
  }
>
  <Text
    style={
      {
        "color": "#000",
        "fontSize": 24,
        "fontWeight": "bold",
        "marginBottom": 10,
      }
    }
  >
    Images
  </Text>
  <Text
    style={
      {
        "color": "#6A6A6A",
        "fontSize": 14,
        "marginBottom": 20,
      }
    }
  >
    Upload images
    

    You can upload up to 30 images
  </Text>
  <View
    style={
      {
        "alignItems": "center",
        "backgroundColor": "#FFFFFF",
        "borderColor": "#D3A4D4",
        "borderRadius": 10,
        "borderWidth": 1,
        "justifyContent": "center",
        "marginVertical": 30,
        "padding": 20,
      }
    }
  >
    <View
      style={
        {
          "marginBottom": 10,
        }
      }
    >
      <Text
        style={
          {
            "color": "#C4C4C4",
            "fontSize": 40,
          }
        }
      >
        ðŸ“·
      </Text>
    </View>
    <Text
      style={
        {
          "color": "#6A6A6A",
          "fontSize": 14,
          "marginBottom": 20,
          "textAlign": "center",
        }
      }
    >
      Drag and drop a file here
      

      to create album
    </Text>
    <View
      accessibilityState={
        {
          "busy": undefined,
          "checked": undefined,
          "disabled": undefined,
          "expanded": undefined,
          "selected": undefined,
        }
      }
      accessibilityValue={
        {
          "max": undefined,
          "min": undefined,
          "now": undefined,
          "text": undefined,
        }
      }
      accessible={true}
      collapsable={false}
      focusable={true}
      onClick={[Function]}
      onResponderGrant={[Function]}
      onResponderMove={[Function]}
      onResponderRelease={[Function]}
      onResponderTerminate={[Function]}
      onResponderTerminationRequest={[Function]}
      onStartShouldSetResponder={[Function]}
      style={
        {
          "backgroundColor": "#780C60",
          "borderRadius": 20,
          "opacity": 1,
          "paddingHorizontal": 30,
          "paddingVertical": 10,
        }
      }
    >
      <Text
        style={
          {
            "color": "#FFFFFF",
            "fontSize": 14,
            "fontWeight": "bold",
          }
        }
      >
        Choose File
      </Text>
    </View>
  </View>
  <View
    style={
      {
        "flexDirection": "row",
        "justifyContent": "space-between",
      }
    }
  >
    <View
      accessibilityState={
        {
          "busy": undefined,
          "checked": undefined,
          "disabled": undefined,
          "expanded": undefined,
          "selected": undefined,
        }
      }
      accessibilityValue={
        {
          "max": undefined,
          "min": undefined,
          "now": undefined,
          "text": undefined,
        }
      }
      accessible={true}
      collapsable={false}
      focusable={true}
      onClick={[Function]}
      onResponderGrant={[Function]}
      onResponderMove={[Function]}
      onResponderRelease={[Function]}
      onResponderTerminate={[Function]}
      onResponderTerminationRequest={[Function]}
      onStartShouldSetResponder={[Function]}
      style={
        {
          "alignItems": "center",
          "backgroundColor": "#FFFFFF",
          "borderColor": "#780C60",
          "borderRadius": 10,
          "borderWidth": 1,
          "flex": 1,
          "marginRight": 10,
          "opacity": 1,
          "paddingVertical": 15,
        }
      }
    >
      <Text
        style={
          {
            "color": "#780C60",
            "fontSize": 16,
            "fontWeight": "bold",
          }
        }
      >
        Back
      </Text>
    </View>
    <View
      accessibilityState={
        {
          "busy": undefined,
          "checked": undefined,
          "disabled": undefined,
          "expanded": undefined,
          "selected": undefined,
        }
      }
      accessibilityValue={
        {
          "max": undefined,
          "min": undefined,
          "now": undefined,
          "text": undefined,
        }
      }
      accessible={true}
      collapsable={false}
      focusable={true}
      onClick={[Function]}
      onResponderGrant={[Function]}
      onResponderMove={[Function]}
      onResponderRelease={[Function]}
      onResponderTerminate={[Function]}
      onResponderTerminationRequest={[Function]}
      onStartShouldSetResponder={[Function]}
      style={
        {
          "alignItems": "center",
          "backgroundColor": "#780C60",
          "borderRadius": 10,
          "flex": 1,
          "marginLeft": 10,
          "opacity": 1,
          "padding": 15,
        }
      }
    >
      <Text
        style={
          {
            "color": "#FFFFFF",
            "fontWeight": "bold",
          }
        }
      >
        Save & Continue
      </Text>
    </View>
  </View>
</View>
`;

exports[`ImageUploadScreen Tests matches the snapshot - with error message displayed 1`] = `
<View
  style={
    {
      "backgroundColor": "#F8E9F0",
      "flex": 1,
      "paddingHorizontal": 20,
      "paddingTop": 70,
      "paddingVertical": 20,
    }
  }
>
  <Text
    style={
      {
        "color": "#000",
        "fontSize": 24,
        "fontWeight": "bold",
        "marginBottom": 10,
      }
    }
  >
    Images
  </Text>
  <Text
    style={
      {
        "color": "#6A6A6A",
        "fontSize": 14,
        "marginBottom": 20,
      }
    }
  >
    Upload images
    

    You can upload up to 30 images
  </Text>
  <View
    style={
      {
        "alignItems": "center",
        "backgroundColor": "#FFFFFF",
        "borderColor": "#D3A4D4",
        "borderRadius": 10,
        "borderWidth": 1,
        "justifyContent": "center",
        "marginVertical": 30,
        "padding": 20,
      }
    }
  >
    <View
      style={
        {
          "marginBottom": 10,
        }
      }
    >
      <Text
        style={
          {
            "color": "#C4C4C4",
            "fontSize": 40,
          }
        }
      >
        ðŸ“·
      </Text>
    </View>
    <Text
      style={
        {
          "color": "#6A6A6A",
          "fontSize": 14,
          "marginBottom": 20,
          "textAlign": "center",
        }
      }
    >
      Drag and drop a file here
      

      to create album
    </Text>
    <View
      accessibilityState={
        {
          "busy": undefined,
          "checked": undefined,
          "disabled": undefined,
          "expanded": undefined,
          "selected": undefined,
        }
      }
      accessibilityValue={
        {
          "max": undefined,
          "min": undefined,
          "now": undefined,
          "text": undefined,
        }
      }
      accessible={true}
      collapsable={false}
      focusable={true}
      onClick={[Function]}
      onResponderGrant={[Function]}
      onResponderMove={[Function]}
      onResponderRelease={[Function]}
      onResponderTerminate={[Function]}
      onResponderTerminationRequest={[Function]}
      onStartShouldSetResponder={[Function]}
      style={
        {
          "backgroundColor": "#780C60",
          "borderRadius": 20,
          "opacity": 1,
          "paddingHorizontal": 30,
          "paddingVertical": 10,
        }
      }
    >
      <Text
        style={
          {
            "color": "#FFFFFF",
            "fontSize": 14,
            "fontWeight": "bold",
          }
        }
      >
        Choose File
      </Text>
    </View>
  </View>
  <View
    style={
      {
        "flexDirection": "row",
        "justifyContent": "space-between",
      }
    }
  >
    <View
      accessibilityState={
        {
          "busy": undefined,
          "checked": undefined,
          "disabled": undefined,
          "expanded": undefined,
          "selected": undefined,
        }
      }
      accessibilityValue={
        {
          "max": undefined,
          "min": undefined,
          "now": undefined,
          "text": undefined,
        }
      }
      accessible={true}
      collapsable={false}
      focusable={true}
      onClick={[Function]}
      onResponderGrant={[Function]}
      onResponderMove={[Function]}
      onResponderRelease={[Function]}
      onResponderTerminate={[Function]}
      onResponderTerminationRequest={[Function]}
      onStartShouldSetResponder={[Function]}
      style={
        {
          "alignItems": "center",
          "backgroundColor": "#FFFFFF",
          "borderColor": "#780C60",
          "borderRadius": 10,
          "borderWidth": 1,
          "flex": 1,
          "marginRight": 10,
          "opacity": 1,
          "paddingVertical": 15,
        }
      }
    >
      <Text
        style={
          {
            "color": "#780C60",
            "fontSize": 16,
            "fontWeight": "bold",
          }
        }
      >
        Back
      </Text>
    </View>
    <View
      accessibilityState={
        {
          "busy": undefined,
          "checked": undefined,
          "disabled": undefined,
          "expanded": undefined,
          "selected": undefined,
        }
      }
      accessibilityValue={
        {
          "max": undefined,
          "min": undefined,
          "now": undefined,
          "text": undefined,
        }
      }
      accessible={true}
      collapsable={false}
      focusable={true}
      onClick={[Function]}
      onResponderGrant={[Function]}
      onResponderMove={[Function]}
      onResponderRelease={[Function]}
      onResponderTerminate={[Function]}
      onResponderTerminationRequest={[Function]}
      onStartShouldSetResponder={[Function]}
      style={
        {
          "alignItems": "center",
          "backgroundColor": "#780C60",
          "borderRadius": 10,
          "flex": 1,
          "marginLeft": 10,
          "opacity": 1,
          "padding": 15,
        }
      }
    >
      <Text
        style={
          {
            "color": "#FFFFFF",
            "fontWeight": "bold",
          }
        }
      >
        Save & Continue
      </Text>
    </View>
  </View>
</View>
`;
