// Jest Snapshot v1, https://goo.gl/fbAQLP

exports[`PackagesScreen matches the snapshot for PackagesScreen 1`] = `
<View
  style={
    {
      "backgroundColor": "#F8E9F0",
      "flex": 1,
      "paddingBottom": 30,
      "paddingHorizontal": 20,
      "paddingTop": 70,
      "paddingVertical": 20,
    }
  }
>
  <Text
    style={
      {
        "color": "#000",
        "fontSize": 24,
        "fontWeight": "bold",
        "marginBottom": 10,
      }
    }
  >
    Packages
  </Text>
  <Text
    style={
      {
        "color": "#6A6A6A",
        "fontSize": 14,
        "marginBottom": 20,
      }
    }
  >
    Enter packages you offer. You can enter up to 10 packages
  </Text>
  <RCTScrollView
    style={
      {
        "flex": 1,
        "marginBottom": 20,
      }
    }
  >
    <View>
      <View
        style={
          {
            "alignItems": "center",
            "flexDirection": "row",
            "justifyContent": "center",
            "marginVertical": 20,
          }
        }
      >
        <View
          style={
            {
              "backgroundColor": "#780C60",
              "flex": 1,
              "height": 1,
              "marginHorizontal": 10,
            }
          }
        />
        <View
          accessibilityState={
            {
              "busy": undefined,
              "checked": undefined,
              "disabled": undefined,
              "expanded": undefined,
              "selected": undefined,
            }
          }
          accessibilityValue={
            {
              "max": undefined,
              "min": undefined,
              "now": undefined,
              "text": undefined,
            }
          }
          accessible={true}
          collapsable={false}
          focusable={true}
          onClick={[Function]}
          onResponderGrant={[Function]}
          onResponderMove={[Function]}
          onResponderRelease={[Function]}
          onResponderTerminate={[Function]}
          onResponderTerminationRequest={[Function]}
          onStartShouldSetResponder={[Function]}
          style={
            {
              "alignItems": "center",
              "backgroundColor": "transparent",
              "borderColor": "#780C60",
              "borderRadius": 25,
              "borderWidth": 1,
              "justifyContent": "center",
              "opacity": 1,
              "paddingHorizontal": 20,
              "paddingVertical": 10,
            }
          }
        >
          <Text
            style={
              {
                "color": "#780C60",
                "fontSize": 16,
                "fontWeight": "bold",
              }
            }
          >
            Create New Package
          </Text>
        </View>
        <View
          style={
            {
              "backgroundColor": "#780C60",
              "flex": 1,
              "height": 1,
              "marginHorizontal": 10,
            }
          }
        />
      </View>
    </View>
  </RCTScrollView>
  <View
    style={
      {
        "flexDirection": "row",
        "justifyContent": "space-between",
        "marginTop": 20,
      }
    }
  >
    <View
      accessibilityState={
        {
          "busy": undefined,
          "checked": undefined,
          "disabled": undefined,
          "expanded": undefined,
          "selected": undefined,
        }
      }
      accessibilityValue={
        {
          "max": undefined,
          "min": undefined,
          "now": undefined,
          "text": undefined,
        }
      }
      accessible={true}
      collapsable={false}
      focusable={true}
      onClick={[Function]}
      onResponderGrant={[Function]}
      onResponderMove={[Function]}
      onResponderRelease={[Function]}
      onResponderTerminate={[Function]}
      onResponderTerminationRequest={[Function]}
      onStartShouldSetResponder={[Function]}
      style={
        {
          "alignItems": "center",
          "backgroundColor": "#FFFFFF",
          "borderColor": "#780C60",
          "borderRadius": 10,
          "borderWidth": 1,
          "flex": 1,
          "marginRight": 10,
          "opacity": 1,
          "paddingVertical": 15,
        }
      }
    >
      <Text
        style={
          {
            "color": "#780C60",
            "fontSize": 16,
            "fontWeight": "bold",
          }
        }
      >
        Back
      </Text>
    </View>
    <View
      accessibilityState={
        {
          "busy": undefined,
          "checked": undefined,
          "disabled": undefined,
          "expanded": undefined,
          "selected": undefined,
        }
      }
      accessibilityValue={
        {
          "max": undefined,
          "min": undefined,
          "now": undefined,
          "text": undefined,
        }
      }
      accessible={true}
      collapsable={false}
      focusable={true}
      onClick={[Function]}
      onResponderGrant={[Function]}
      onResponderMove={[Function]}
      onResponderRelease={[Function]}
      onResponderTerminate={[Function]}
      onResponderTerminationRequest={[Function]}
      onStartShouldSetResponder={[Function]}
      style={
        {
          "alignItems": "center",
          "backgroundColor": "#780C60",
          "borderRadius": 10,
          "flex": 1,
          "marginLeft": 10,
          "opacity": 1,
          "paddingVertical": 15,
        }
      }
    >
      <Text
        style={
          {
            "color": "#FFFFFF",
            "fontSize": 16,
            "fontWeight": "bold",
          }
        }
      >
        Save & Continue
      </Text>
    </View>
  </View>
</View>
`;
