// Jest Snapshot v1, https://goo.gl/fbAQLP

exports[`Sandwich3Index Screen UI does not change unexpectedly 1`] = `
<View
  style={
    {
      "alignItems": "center",
      "backgroundColor": "#F8E9F0",
      "flex": 1,
      "justifyContent": "center",
      "paddingVertical": 40,
    }
  }
>
  <Image
    source={
      {
        "uri": undefined,
      }
    }
    style={
      {
        "height": "40%",
        "resizeMode": "contain",
        "width": "80%",
      }
    }
  />
  <View
    style={
      {
        "alignItems": "center",
        "marginTop": 20,
        "paddingHorizontal": 20,
      }
    }
  >
    <Text
      style={
        {
          "color": "#000",
          "fontSize": 24,
          "fontWeight": "bold",
          "textAlign": "center",
        }
      }
    >
      "ENJOY EVERY MOMENT WITH EXPERT 
      <Text
        style={
          {
            "color": "#E15A45",
          }
        }
      >
        EVENT PLANNERS!
      </Text>
      "
    </Text>
    <Text
      style={
        {
          "color": "#555",
          "fontSize": 16,
          "marginTop": 10,
          "textAlign": "center",
        }
      }
    >
      Let top event planners handle the details, so you can focus on enjoying your special day.
    </Text>
  </View>
  <View
    style={
      {
        "alignItems": "center",
        "bottom": 40,
        "flexDirection": "row",
        "justifyContent": "space-between",
        "left": 0,
        "paddingHorizontal": 30,
        "position": "absolute",
        "right": 0,
      }
    }
  >
    <View
      accessibilityState={
        {
          "busy": undefined,
          "checked": undefined,
          "disabled": undefined,
          "expanded": undefined,
          "selected": undefined,
        }
      }
      accessibilityValue={
        {
          "max": undefined,
          "min": undefined,
          "now": undefined,
          "text": undefined,
        }
      }
      accessible={true}
      collapsable={false}
      focusable={true}
      onClick={[Function]}
      onResponderGrant={[Function]}
      onResponderMove={[Function]}
      onResponderRelease={[Function]}
      onResponderTerminate={[Function]}
      onResponderTerminationRequest={[Function]}
      onStartShouldSetResponder={[Function]}
      style={
        {
          "alignItems": "center",
          "backgroundColor": "#780C60",
          "borderRadius": 10,
          "justifyContent": "center",
          "opacity": 1,
          "paddingHorizontal": 40,
          "paddingVertical": 15,
          "width": "100%",
        }
      }
    >
      <Text
        style={
          {
            "color": "#FFFFFF",
            "fontSize": 18,
            "fontWeight": "600",
          }
        }
      >
        Get Started
      </Text>
    </View>
  </View>
</View>
`;

exports[`Sandwich3Index Screen matches the snapshot 1`] = `
<View
  style={
    {
      "alignItems": "center",
      "backgroundColor": "#F8E9F0",
      "flex": 1,
      "justifyContent": "center",
      "paddingVertical": 40,
    }
  }
>
  <Image
    source={
      {
        "uri": undefined,
      }
    }
    style={
      {
        "height": "40%",
        "resizeMode": "contain",
        "width": "80%",
      }
    }
  />
  <View
    style={
      {
        "alignItems": "center",
        "marginTop": 20,
        "paddingHorizontal": 20,
      }
    }
  >
    <Text
      style={
        {
          "color": "#000",
          "fontSize": 24,
          "fontWeight": "bold",
          "textAlign": "center",
        }
      }
    >
      "ENJOY EVERY MOMENT WITH EXPERT 
      <Text
        style={
          {
            "color": "#E15A45",
          }
        }
      >
        EVENT PLANNERS!
      </Text>
      "
    </Text>
    <Text
      style={
        {
          "color": "#555",
          "fontSize": 16,
          "marginTop": 10,
          "textAlign": "center",
        }
      }
    >
      Let top event planners handle the details, so you can focus on enjoying your special day.
    </Text>
  </View>
  <View
    style={
      {
        "alignItems": "center",
        "bottom": 40,
        "flexDirection": "row",
        "justifyContent": "space-between",
        "left": 0,
        "paddingHorizontal": 30,
        "position": "absolute",
        "right": 0,
      }
    }
  >
    <View
      accessibilityState={
        {
          "busy": undefined,
          "checked": undefined,
          "disabled": undefined,
          "expanded": undefined,
          "selected": undefined,
        }
      }
      accessibilityValue={
        {
          "max": undefined,
          "min": undefined,
          "now": undefined,
          "text": undefined,
        }
      }
      accessible={true}
      collapsable={false}
      focusable={true}
      onClick={[Function]}
      onResponderGrant={[Function]}
      onResponderMove={[Function]}
      onResponderRelease={[Function]}
      onResponderTerminate={[Function]}
      onResponderTerminationRequest={[Function]}
      onStartShouldSetResponder={[Function]}
      style={
        {
          "alignItems": "center",
          "backgroundColor": "#780C60",
          "borderRadius": 10,
          "justifyContent": "center",
          "opacity": 1,
          "paddingHorizontal": 40,
          "paddingVertical": 15,
          "width": "100%",
        }
      }
    >
      <Text
        style={
          {
            "color": "#FFFFFF",
            "fontSize": 18,
            "fontWeight": "600",
          }
        }
      >
        Get Started
      </Text>
    </View>
  </View>
</View>
`;
