// Jest Snapshot v1, https://goo.gl/fbAQLP

exports[`SelectRoleScreen Snapshot Tests matches snapshot after confirming a selection 1`] = `
<View
  style={
    {
      "alignItems": "center",
      "backgroundColor": "#F7ECF5",
      "flex": 1,
      "paddingHorizontal": 20,
      "paddingTop": 150,
    }
  }
>
  <Text
    style={
      {
        "color": "#333",
        "fontSize": 24,
        "fontWeight": "bold",
        "marginBottom": 20,
      }
    }
  >
    Select Your Role
  </Text>
  <Text
    style={
      {
        "alignSelf": "flex-start",
        "color": "#333",
        "fontSize": 16,
        "marginBottom": 10,
        "marginTop": 50,
        "paddingHorizontal": 30,
      }
    }
  >
    Join As
  </Text>
  <View
    accessibilityState={
      {
        "busy": undefined,
        "checked": undefined,
        "disabled": undefined,
        "expanded": undefined,
        "selected": undefined,
      }
    }
    accessibilityValue={
      {
        "max": undefined,
        "min": undefined,
        "now": undefined,
        "text": undefined,
      }
    }
    accessible={true}
    collapsable={false}
    focusable={true}
    onClick={[Function]}
    onResponderGrant={[Function]}
    onResponderMove={[Function]}
    onResponderRelease={[Function]}
    onResponderTerminate={[Function]}
    onResponderTerminationRequest={[Function]}
    onStartShouldSetResponder={[Function]}
    style={
      {
        "alignItems": "center",
        "backgroundColor": "#FFF",
        "borderColor": "#CCC",
        "borderRadius": 10,
        "borderWidth": 1,
        "opacity": 1,
        "paddingVertical": 15,
        "width": "80%",
      }
    }
  >
    <Text
      style={
        {
          "color": "#333",
          "fontSize": 16,
        }
      }
    >
      Select
    </Text>
  </View>
  <View
    accessibilityState={
      {
        "busy": undefined,
        "checked": undefined,
        "disabled": true,
        "expanded": undefined,
        "selected": undefined,
      }
    }
    accessibilityValue={
      {
        "max": undefined,
        "min": undefined,
        "now": undefined,
        "text": undefined,
      }
    }
    accessible={true}
    collapsable={false}
    focusable={false}
    onClick={[Function]}
    onResponderGrant={[Function]}
    onResponderMove={[Function]}
    onResponderRelease={[Function]}
    onResponderTerminate={[Function]}
    onResponderTerminationRequest={[Function]}
    onStartShouldSetResponder={[Function]}
    style={
      {
        "alignItems": "center",
        "backgroundColor": "#780C60",
        "borderRadius": 10,
        "marginTop": 40,
        "opacity": 1,
        "paddingVertical": 15,
        "width": "80%",
      }
    }
    testID="confirm-button"
  >
    <Text
      style={
        {
          "color": "#FFF",
          "fontSize": 16,
          "fontWeight": "600",
        }
      }
    >
      Confirm
    </Text>
  </View>
</View>
`;

exports[`SelectRoleScreen Snapshot Tests matches snapshot after selecting a role 1`] = `
<View
  style={
    {
      "alignItems": "center",
      "backgroundColor": "#F7ECF5",
      "flex": 1,
      "paddingHorizontal": 20,
      "paddingTop": 150,
    }
  }
>
  <Text
    style={
      {
        "color": "#333",
        "fontSize": 24,
        "fontWeight": "bold",
        "marginBottom": 20,
      }
    }
  >
    Select Your Role
  </Text>
  <Text
    style={
      {
        "alignSelf": "flex-start",
        "color": "#333",
        "fontSize": 16,
        "marginBottom": 10,
        "marginTop": 50,
        "paddingHorizontal": 30,
      }
    }
  >
    Join As
  </Text>
  <View
    accessibilityState={
      {
        "busy": undefined,
        "checked": undefined,
        "disabled": undefined,
        "expanded": undefined,
        "selected": undefined,
      }
    }
    accessibilityValue={
      {
        "max": undefined,
        "min": undefined,
        "now": undefined,
        "text": undefined,
      }
    }
    accessible={true}
    collapsable={false}
    focusable={true}
    onClick={[Function]}
    onResponderGrant={[Function]}
    onResponderMove={[Function]}
    onResponderRelease={[Function]}
    onResponderTerminate={[Function]}
    onResponderTerminationRequest={[Function]}
    onStartShouldSetResponder={[Function]}
    style={
      {
        "alignItems": "center",
        "backgroundColor": "#FFF",
        "borderColor": "#CCC",
        "borderRadius": 10,
        "borderWidth": 1,
        "opacity": 1,
        "paddingVertical": 15,
        "width": "80%",
      }
    }
  >
    <Text
      style={
        {
          "color": "#333",
          "fontSize": 16,
        }
      }
    >
      Select
    </Text>
  </View>
  <View
    accessibilityState={
      {
        "busy": undefined,
        "checked": undefined,
        "disabled": true,
        "expanded": undefined,
        "selected": undefined,
      }
    }
    accessibilityValue={
      {
        "max": undefined,
        "min": undefined,
        "now": undefined,
        "text": undefined,
      }
    }
    accessible={true}
    collapsable={false}
    focusable={false}
    onClick={[Function]}
    onResponderGrant={[Function]}
    onResponderMove={[Function]}
    onResponderRelease={[Function]}
    onResponderTerminate={[Function]}
    onResponderTerminationRequest={[Function]}
    onStartShouldSetResponder={[Function]}
    style={
      {
        "alignItems": "center",
        "backgroundColor": "#780C60",
        "borderRadius": 10,
        "marginTop": 40,
        "opacity": 1,
        "paddingVertical": 15,
        "width": "80%",
      }
    }
    testID="confirm-button"
  >
    <Text
      style={
        {
          "color": "#FFF",
          "fontSize": 16,
          "fontWeight": "600",
        }
      }
    >
      Confirm
    </Text>
  </View>
</View>
`;

exports[`SelectRoleScreen Snapshot Tests matches snapshot when modal is open 1`] = `
<View
  style={
    {
      "alignItems": "center",
      "backgroundColor": "#F7ECF5",
      "flex": 1,
      "paddingHorizontal": 20,
      "paddingTop": 150,
    }
  }
>
  <Text
    style={
      {
        "color": "#333",
        "fontSize": 24,
        "fontWeight": "bold",
        "marginBottom": 20,
      }
    }
  >
    Select Your Role
  </Text>
  <Text
    style={
      {
        "alignSelf": "flex-start",
        "color": "#333",
        "fontSize": 16,
        "marginBottom": 10,
        "marginTop": 50,
        "paddingHorizontal": 30,
      }
    }
  >
    Join As
  </Text>
  <View
    accessibilityState={
      {
        "busy": undefined,
        "checked": undefined,
        "disabled": undefined,
        "expanded": undefined,
        "selected": undefined,
      }
    }
    accessibilityValue={
      {
        "max": undefined,
        "min": undefined,
        "now": undefined,
        "text": undefined,
      }
    }
    accessible={true}
    collapsable={false}
    focusable={true}
    onClick={[Function]}
    onResponderGrant={[Function]}
    onResponderMove={[Function]}
    onResponderRelease={[Function]}
    onResponderTerminate={[Function]}
    onResponderTerminationRequest={[Function]}
    onStartShouldSetResponder={[Function]}
    style={
      {
        "alignItems": "center",
        "backgroundColor": "#FFF",
        "borderColor": "#CCC",
        "borderRadius": 10,
        "borderWidth": 1,
        "opacity": 1,
        "paddingVertical": 15,
        "width": "80%",
      }
    }
  >
    <Text
      style={
        {
          "color": "#333",
          "fontSize": 16,
        }
      }
    >
      Select
    </Text>
  </View>
  <View
    accessibilityState={
      {
        "busy": undefined,
        "checked": undefined,
        "disabled": true,
        "expanded": undefined,
        "selected": undefined,
      }
    }
    accessibilityValue={
      {
        "max": undefined,
        "min": undefined,
        "now": undefined,
        "text": undefined,
      }
    }
    accessible={true}
    collapsable={false}
    focusable={false}
    onClick={[Function]}
    onResponderGrant={[Function]}
    onResponderMove={[Function]}
    onResponderRelease={[Function]}
    onResponderTerminate={[Function]}
    onResponderTerminationRequest={[Function]}
    onStartShouldSetResponder={[Function]}
    style={
      {
        "alignItems": "center",
        "backgroundColor": "#780C60",
        "borderRadius": 10,
        "marginTop": 40,
        "opacity": 1,
        "paddingVertical": 15,
        "width": "80%",
      }
    }
    testID="confirm-button"
  >
    <Text
      style={
        {
          "color": "#FFF",
          "fontSize": 16,
          "fontWeight": "600",
        }
      }
    >
      Confirm
    </Text>
  </View>
</View>
`;

exports[`SelectRoleScreen Snapshot Tests matches the initial render snapshot 1`] = `
<View
  style={
    {
      "alignItems": "center",
      "backgroundColor": "#F7ECF5",
      "flex": 1,
      "paddingHorizontal": 20,
      "paddingTop": 150,
    }
  }
>
  <Text
    style={
      {
        "color": "#333",
        "fontSize": 24,
        "fontWeight": "bold",
        "marginBottom": 20,
      }
    }
  >
    Select Your Role
  </Text>
  <Text
    style={
      {
        "alignSelf": "flex-start",
        "color": "#333",
        "fontSize": 16,
        "marginBottom": 10,
        "marginTop": 50,
        "paddingHorizontal": 30,
      }
    }
  >
    Join As
  </Text>
  <View
    accessibilityState={
      {
        "busy": undefined,
        "checked": undefined,
        "disabled": undefined,
        "expanded": undefined,
        "selected": undefined,
      }
    }
    accessibilityValue={
      {
        "max": undefined,
        "min": undefined,
        "now": undefined,
        "text": undefined,
      }
    }
    accessible={true}
    collapsable={false}
    focusable={true}
    onClick={[Function]}
    onResponderGrant={[Function]}
    onResponderMove={[Function]}
    onResponderRelease={[Function]}
    onResponderTerminate={[Function]}
    onResponderTerminationRequest={[Function]}
    onStartShouldSetResponder={[Function]}
    style={
      {
        "alignItems": "center",
        "backgroundColor": "#FFF",
        "borderColor": "#CCC",
        "borderRadius": 10,
        "borderWidth": 1,
        "opacity": 1,
        "paddingVertical": 15,
        "width": "80%",
      }
    }
  >
    <Text
      style={
        {
          "color": "#333",
          "fontSize": 16,
        }
      }
    >
      Select
    </Text>
  </View>
  <View
    accessibilityState={
      {
        "busy": undefined,
        "checked": undefined,
        "disabled": true,
        "expanded": undefined,
        "selected": undefined,
      }
    }
    accessibilityValue={
      {
        "max": undefined,
        "min": undefined,
        "now": undefined,
        "text": undefined,
      }
    }
    accessible={true}
    collapsable={false}
    focusable={false}
    onClick={[Function]}
    onResponderGrant={[Function]}
    onResponderMove={[Function]}
    onResponderRelease={[Function]}
    onResponderTerminate={[Function]}
    onResponderTerminationRequest={[Function]}
    onStartShouldSetResponder={[Function]}
    style={
      {
        "alignItems": "center",
        "backgroundColor": "#780C60",
        "borderRadius": 10,
        "marginTop": 40,
        "opacity": 1,
        "paddingVertical": 15,
        "width": "80%",
      }
    }
    testID="confirm-button"
  >
    <Text
      style={
        {
          "color": "#FFF",
          "fontSize": 16,
          "fontWeight": "600",
        }
      }
    >
      Confirm
    </Text>
  </View>
</View>
`;
