// Jest Snapshot v1, https://goo.gl/fbAQLP

exports[`ReviewScreen Component Tests SNAPSHOT-01: Matches the snapshot 1`] = `
<RCTScrollView
  style={
    {
      "backgroundColor": "#F8E9F0",
      "flex": 1,
      "padding": 16,
      "paddingTop": 70,
    }
  }
>
  <View>
    <Text
      style={
        {
          "color": "#000",
          "fontSize": 24,
          "fontWeight": "bold",
          "marginBottom": 16,
        }
      }
    >
      Reviews
    </Text>
    <View
      style={
        {
          "backgroundColor": "#fff",
          "borderRadius": 10,
          "elevation": 2,
          "marginBottom": 16,
          "padding": 16,
          "shadowColor": "#000",
          "shadowOpacity": 0.1,
          "shadowRadius": 4,
        }
      }
    >
      <Text
        style={
          {
            "fontSize": 18,
            "fontWeight": "bold",
            "marginBottom": 12,
          }
        }
      >
        Personal Details
      </Text>
      <View
        style={
          {
            "alignItems": "flex-start",
            "flexDirection": "row",
          }
        }
      >
        <Image
          source={
            {
              "uri": "https://your-server-url.com/uploads/test-image.jpg",
            }
          }
          style={
            {
              "borderRadius": 25,
              "height": 50,
              "marginRight": 12,
              "width": 50,
            }
          }
          testID="vendor-image"
        />
        <View>
          <Text
            style={
              {
                "fontSize": 16,
                "fontWeight": "bold",
              }
            }
          >
            Test Vendor
          </Text>
          <Text
            style={
              {
                "color": "#555",
                "fontSize": 14,
              }
            }
          >
            test@vendor.com
          </Text>
          <Text
            style={
              {
                "color": "#555",
                "fontSize": 14,
              }
            }
          >
            1234567890
          </Text>
        </View>
      </View>
    </View>
    <View
      style={
        {
          "backgroundColor": "#fff",
          "borderRadius": 10,
          "elevation": 2,
          "marginBottom": 16,
          "padding": 16,
          "shadowColor": "#000",
          "shadowOpacity": 0.1,
          "shadowRadius": 4,
        }
      }
    >
      <Text
        style={
          {
            "fontSize": 18,
            "fontWeight": "bold",
            "marginBottom": 12,
          }
        }
      >
        Business Details
      </Text>
      <Text
        style={
          {
            "fontSize": 16,
            "fontWeight": "bold",
          }
        }
      >
        VendorBrand
      </Text>
      <Text
        style={
          {
            "color": "#555",
            "fontSize": 14,
          }
        }
      >
        Staff: 
        5
      </Text>
      <Text
        style={
          {
            "color": "#000",
            "fontSize": 14,
            "fontWeight": "bold",
          }
        }
      >
        City: 
        Test City
      </Text>
    </View>
    <View
      style={
        {
          "backgroundColor": "#fff",
          "borderRadius": 10,
          "elevation": 2,
          "marginBottom": 16,
          "padding": 16,
          "shadowColor": "#000",
          "shadowOpacity": 0.1,
          "shadowRadius": 4,
        }
      }
    >
      <Text
        style={
          {
            "fontSize": 18,
            "fontWeight": "bold",
            "marginBottom": 12,
          }
        }
      >
        Pricing
      </Text>
      <View
        style={
          {
            "borderColor": "#ddd",
            "borderRadius": 10,
            "borderWidth": 1,
            "overflow": "hidden",
          }
        }
        testID="pricing-table"
      >
         
        <View
          style={
            {
              "flexDirection": "row",
            }
          }
        >
          <Text
            style={
              [
                {
                  "backgroundColor": "#F1F1F1",
                  "fontSize": 14,
                  "fontWeight": "bold",
                  "padding": 8,
                },
                {
                  "flex": 1,
                },
              ]
            }
          >
            Package Name
          </Text>
          <Text
            style={
              [
                {
                  "backgroundColor": "#F1F1F1",
                  "fontSize": 14,
                  "fontWeight": "bold",
                  "padding": 8,
                },
                {
                  "flex": 1,
                },
              ]
            }
          >
            Price
          </Text>
          <Text
            style={
              [
                {
                  "backgroundColor": "#F1F1F1",
                  "fontSize": 14,
                  "fontWeight": "bold",
                  "padding": 8,
                },
                {
                  "flex": 3,
                },
              ]
            }
          >
            Services
          </Text>
        </View>
        <View
          style={
            {
              "flexDirection": "row",
            }
          }
        >
          <Text
            style={
              [
                {
                  "color": "#000",
                  "fontSize": 12,
                  "padding": 8,
                },
                {
                  "flex": 1,
                },
              ]
            }
          >
            Basic
          </Text>
          <Text
            style={
              [
                {
                  "color": "#000",
                  "fontSize": 12,
                  "padding": 8,
                },
                {
                  "flex": 1,
                },
                {
                  "color": "#E74C3C",
                  "fontWeight": "bold",
                },
              ]
            }
          >
            $100
          </Text>
          <Text
            style={
              [
                {
                  "color": "#000",
                  "fontSize": 12,
                  "padding": 8,
                },
                {
                  "flex": 3,
                },
              ]
            }
          >
            Photography
          </Text>
        </View>
      </View>
    </View>
    <View
      style={
        {
          "backgroundColor": "#fff",
          "borderRadius": 10,
          "elevation": 2,
          "marginBottom": 16,
          "padding": 16,
          "shadowColor": "#000",
          "shadowOpacity": 0.1,
          "shadowRadius": 4,
        }
      }
    >
      <Text
        style={
          {
            "fontSize": 18,
            "fontWeight": "bold",
            "marginBottom": 12,
          }
        }
      >
        Location
      </Text>
      <Text
        style={
          {
            "color": "#6A1B9A",
            "fontSize": 14,
            "marginBottom": 8,
          }
        }
      >
        Test City
      </Text>
    </View>
    <View
      style={
        {
          "backgroundColor": "#fff",
          "borderRadius": 10,
          "elevation": 2,
          "marginBottom": 16,
          "padding": 16,
          "shadowColor": "#000",
          "shadowOpacity": 0.1,
          "shadowRadius": 4,
        }
      }
    >
      <Text
        style={
          {
            "fontSize": 18,
            "fontWeight": "bold",
            "marginBottom": 12,
          }
        }
      >
        Photos
      </Text>
      <RCTScrollView
        horizontal={true}
        style={
          {
            "flexDirection": "row",
          }
        }
        testID="photo-list"
      >
        <View>
          <Image
            source={
              {
                "uri": "http://13.233.214.252:3000/uploads/test-image.jpg",
              }
            }
            style={
              {
                "borderRadius": 10,
                "height": 100,
                "marginRight": 10,
                "width": 100,
              }
            }
            testID="vendor-image"
          />
        </View>
      </RCTScrollView>
    </View>
    <View
      style={
        {
          "flexDirection": "row",
          "justifyContent": "space-between",
          "marginTop": 20,
          "paddingHorizontal": 16,
        }
      }
    >
      <View
        accessibilityState={
          {
            "busy": undefined,
            "checked": undefined,
            "disabled": undefined,
            "expanded": undefined,
            "selected": undefined,
          }
        }
        accessibilityValue={
          {
            "max": undefined,
            "min": undefined,
            "now": undefined,
            "text": undefined,
          }
        }
        accessible={true}
        collapsable={false}
        focusable={true}
        onClick={[Function]}
        onResponderGrant={[Function]}
        onResponderMove={[Function]}
        onResponderRelease={[Function]}
        onResponderTerminate={[Function]}
        onResponderTerminationRequest={[Function]}
        onStartShouldSetResponder={[Function]}
        style={
          {
            "alignItems": "center",
            "backgroundColor": "#FFFFFF",
            "borderColor": "#780C60",
            "borderRadius": 10,
            "borderWidth": 1,
            "flex": 1,
            "marginRight": 10,
            "opacity": 1,
            "paddingVertical": 12,
          }
        }
        testID="back-button"
      >
        <Text
          style={
            {
              "color": "#780C60",
              "fontSize": 16,
              "fontWeight": "bold",
            }
          }
        >
          Back
        </Text>
      </View>
      <View
        accessibilityState={
          {
            "busy": undefined,
            "checked": undefined,
            "disabled": undefined,
            "expanded": undefined,
            "selected": undefined,
          }
        }
        accessibilityValue={
          {
            "max": undefined,
            "min": undefined,
            "now": undefined,
            "text": undefined,
          }
        }
        accessible={true}
        collapsable={false}
        focusable={true}
        onClick={[Function]}
        onResponderGrant={[Function]}
        onResponderMove={[Function]}
        onResponderRelease={[Function]}
        onResponderTerminate={[Function]}
        onResponderTerminationRequest={[Function]}
        onStartShouldSetResponder={[Function]}
        style={
          {
            "alignItems": "center",
            "backgroundColor": "#780C60",
            "borderRadius": 10,
            "flex": 1,
            "marginLeft": 10,
            "opacity": 1,
            "paddingVertical": 12,
          }
        }
        testID="save-button"
      >
        <Text
          style={
            {
              "color": "#FFFFFF",
              "fontSize": 16,
              "fontWeight": "bold",
            }
          }
        >
          Save & Continue
        </Text>
      </View>
    </View>
  </View>
</RCTScrollView>
`;
